// Jest Snapshot v1, https://goo.gl/fbAQLP

exports[`Extension e2e should pick a page that the extension will inject an input field in, for example you can use https://duckduckgo.com/ site and inject a text input field that would look like <input type="text" id=“searchTerm” name=“searchTerm”> 1`] = `"<input type=\\"text\\" id=\\"searchTerm\\" name=\\"searchTerm\\" style=\\"width: 200px; height: 50px; background-color: yellow; position: absolute; top: 30px; left: 30px; z-index: 2;\\">"`;
